23:31:39 **** Incremental Build of configuration Debug for project MyFirstLED ****
make -j15 all 
arm-none-eabi-gcc "../Core/Src/main.c" -mcpu=cortex-m4 -std=gnu11 -g3 -DDEBUG -DUSE_HAL_DRIVER -DSTM32F401xE -c -I../Core/Inc -I../Drivers/STM32F4xx_HAL_Driver/Inc -I../Drivers/STM32F4xx_HAL_Driver/Inc/Legacy -I../Drivers/CMSIS/Device/ST/STM32F4xx/Include -I../Drivers/CMSIS/Include -O0 -ffunction-sections -fdata-sections -Wall -fstack-usage -fcyclomatic-complexity -MMD -MP -MF"Core/Src/main.d" -MT"Core/Src/main.o" --specs=nano.specs -mfpu=fpv4-sp-d16 -mfloat-abi=hard -mthumb -o "Core/Src/main.o"
arm-none-eabi-gcc -o "MyFirstLED.elf" @"objects.list"   -mcpu=cortex-m4 -T"/Users/hyunlee/Desktop/Lab/C-Practice/MyFirstLED/STM32F401RETX_FLASH.ld" --specs=nosys.specs -Wl,-Map="MyFirstLED.map" -Wl,--gc-sections -static --specs=nano.specs -mfpu=fpv4-sp-d16 -mfloat-abi=hard -mthumb -Wl,--start-group -lc -lm -Wl,--end-group
Finished building target: MyFirstLED.elf
 
arm-none-eabi-size  MyFirstLED.elf 
arm-none-eabi-objdump -h -S MyFirstLED.elf  > "MyFirstLED.list"
   text	   data	    bss	    dec	    hex	filename
   7872	     12	   1644	   9528	   2538	MyFirstLED.elf
Finished building: default.size.stdout
 
Finished building: MyFirstLED.list
 
23:31:48 **** Incremental Build of configuration Debug for project MyFirstLED ****
make -j15 all 
arm-none-eabi-size  MyFirstLED.elf 
   text	   data	    bss	    dec	    hex	filename
   7872	     12	   1644	   9528	   2538	MyFirstLED.elf
Finished building: default.size.stdout
 
